[1m[92m    Checking[0m mt5-host v0.1.0 (/home/runner/work/Bot/Bot/mt5-host)
[1m[91merror[0m[1m: called `filter(..).next_back()` on an `DoubleEndedIterator`. This is more succinctly expressed by calling `.rfind(..)` instead[0m
   [1m[94m--> [0msrc/stages.rs:987:35
    [1m[94m|[0m
[1m[94m987[0m [1m[94m|[0m               if let Some(number) = prefix
    [1m[94m|[0m [1m[91m ___________________________________^[0m
[1m[94m988[0m [1m[94m|[0m [1m[91m|[0m                 .split(|c: char| !c.is_ascii_digit())
[1m[94m989[0m [1m[94m|[0m [1m[91m|[0m                 .filter(|part| !part.is_empty())
[1m[94m990[0m [1m[94m|[0m [1m[91m|[0m                 .next_back()
    [1m[94m|[0m [1m[91m|____________________________^[0m
    [1m[94m|[0m
    [1m[94m= [0m[1mhelp[0m: for further information visit https://rust-lang.github.io/rust-clippy/rust-1.94.0/index.html#filter_next
    [1m[94m= [0m[1mnote[0m: `-D clippy::filter-next` implied by `-D warnings`
    [1m[94m= [0m[1mhelp[0m: to override `-D warnings` add `#[allow(clippy::filter_next)]`
[1m[96mhelp[0m: try
    [1m[94m|[0m
[1m[94m987[0m [92m~ [0m            if let Some(number) = [92mprefix[0m
[1m[94m988[0m [92m+                 .split(|c: char| !c.is_ascii_digit()).rfind(|part| !part.is_empty())[0m
    [1m[94m|[0m

[1m[91merror[0m: could not compile `mt5-host` (bin "mt5-host") due to 1 previous error
[1m[33mwarning[0m: build failed, waiting for other jobs to finish...
[1m[91merror[0m: could not compile `mt5-host` (bin "mt5-host" test) due to 1 previous error
