[1m[92m    Updating[0m crates.io index
[1m[92m     Locking[0m 124 packages to latest compatible versions
[1m[92m      Adding[0m generic-array v0.14.7 [1m[33m(available: v0.14.9)[0m
[1m[92m      Adding[0m tokio-tungstenite v0.26.2 [1m[33m(available: v0.30.0)[0m
[1m[92m Downloading[0m crates ...
[1m[92m  Downloaded[0m cpufeatures v0.2.17
[1m[92m  Downloaded[0m cfg-if v1.0.5
[1m[92m  Downloaded[0m block-buffer v0.10.4
[1m[92m  Downloaded[0m autocfg v1.5.1
[1m[92m  Downloaded[0m untrusted v0.9.0
[1m[92m  Downloaded[0m anyhow v1.0.104
[1m[92m  Downloaded[0m cc v1.6.0
[1m[92m  Downloaded[0m shlex v2.0.1
[1m[92m  Downloaded[0m log v0.4.34
[1m[92m  Downloaded[0m iana-time-zone v0.1.65
[1m[92m  Downloaded[0m bytes v1.12.1
[1m[92m  Downloaded[0m aho-corasick v1.1.5
[1m[92m  Downloaded[0m lazy_static v1.5.1
[1m[92m  Downloaded[0m futures-util v0.3.34
[1m[92m  Downloaded[0m version_check v0.9.5
[1m[92m  Downloaded[0m crypto-common v0.1.7
[1m[92m  Downloaded[0m chrono v0.4.45
[1m[92m  Downloaded[0m thiserror v2.0.21
[1m[92m  Downloaded[0m webpki-roots v0.26.11
[1m[92m  Downloaded[0m tracing-log v0.2.0
[1m[92m  Downloaded[0m rand_core v0.9.5
[1m[92m  Downloaded[0m futures-sink v0.3.34
[1m[92m  Downloaded[0m sha1 v0.10.7
[1m[92m  Downloaded[0m getrandom v0.3.4
[1m[92m  Downloaded[0m utf-8 v0.7.6
[1m[92m  Downloaded[0m thread_local v1.1.10
[1m[92m  Downloaded[0m num-traits v0.2.19
[1m[92m  Downloaded[0m tokio-macros v2.7.2
[1m[92m  Downloaded[0m matchers v0.2.0
[1m[92m  Downloaded[0m futures-macro v0.3.34
[1m[92m  Downloaded[0m futures-core v0.3.34
[1m[92m  Downloaded[0m zeroize v1.9.0
[1m[92m  Downloaded[0m httparse v1.10.1
[1m[92m  Downloaded[0m rand_chacha v0.9.0
[1m[92m  Downloaded[0m itoa v1.0.18
[1m[92m  Downloaded[0m errno v0.3.14
[1m[92m  Downloaded[0m scopeguard v1.2.0
[1m[92m  Downloaded[0m generic-array v0.14.7
[1m[92m  Downloaded[0m tokio-rustls v0.26.6
[1m[92m  Downloaded[0m find-msvc-tools v0.1.14
[1m[92m  Downloaded[0m lock_api v0.4.14
[1m[92m  Downloaded[0m smallvec v1.16.2
[1m[92m  Downloaded[0m unicode-ident v1.0.26
[1m[92m  Downloaded[0m zmij v1.0.23
[1m[92m  Downloaded[0m rustls-pki-types v1.15.1
[1m[92m  Downloaded[0m sharded-slab v0.1.7
[1m[92m  Downloaded[0m tungstenite v0.26.2
[1m[92m  Downloaded[0m tracing-core v0.1.36
[1m[92m  Downloaded[0m serde v1.0.229
[1m[92m  Downloaded[0m typenum v1.20.1
[1m[92m  Downloaded[0m mio v1.2.4
[1m[92m  Downloaded[0m http v1.5.0
[1m[92m  Downloaded[0m tracing-subscriber v0.3.23
[1m[92m  Downloaded[0m serde_json v1.0.151
[1m[92m  Downloaded[0m webpki-roots v1.0.9
[1m[92m  Downloaded[0m rand v0.9.5
[1m[92m  Downloaded[0m memchr v2.8.3
[1m[92m  Downloaded[0m syn v2.0.119
[1m[92m  Downloaded[0m zerocopy v0.8.60
[1m[92m  Downloaded[0m syn v3.0.6
[1m[92m  Downloaded[0m regex-syntax v0.8.11
[1m[92m  Downloaded[0m rustls-webpki v0.103.15
[1m[92m  Downloaded[0m rustls v0.23.45
[1m[92m  Downloaded[0m proc-macro2 v1.0.107
[1m[92m  Downloaded[0m serde_derive v1.0.229
[1m[92m  Downloaded[0m tracing v0.1.44
[1m[92m  Downloaded[0m parking_lot_core v0.9.12
[1m[92m  Downloaded[0m getrandom v0.2.17
[1m[92m  Downloaded[0m socket2 v0.6.5
[1m[92m  Downloaded[0m parking_lot v0.12.5
[1m[92m  Downloaded[0m tracing-attributes v0.1.31
[1m[92m  Downloaded[0m tokio-tungstenite v0.26.2
[1m[92m  Downloaded[0m thiserror-impl v2.0.21
[1m[92m  Downloaded[0m once_cell v1.21.4
[1m[92m  Downloaded[0m nu-ansi-term v0.50.3
[1m[92m  Downloaded[0m digest v0.10.7
[1m[92m  Downloaded[0m data-encoding v2.11.1
[1m[92m  Downloaded[0m serde_core v1.0.229
[1m[92m  Downloaded[0m quote v1.0.47
[1m[92m  Downloaded[0m ppv-lite86 v0.2.21
[1m[92m  Downloaded[0m subtle v2.6.1
[1m[92m  Downloaded[0m slab v0.4.12
[1m[92m  Downloaded[0m regex-automata v0.4.18
[1m[92m  Downloaded[0m signal-hook-registry v1.4.8
[1m[92m  Downloaded[0m futures-task v0.3.34
[1m[92m  Downloaded[0m libc v0.2.190
[1m[92m  Downloaded[0m pin-project-lite v0.2.17
[1m[92m  Downloaded[0m tokio v1.53.2
[1m[92m  Downloaded[0m ring v0.17.14
[1m[92m   Compiling[0m proc-macro2 v1.0.107
[1m[92m   Compiling[0m quote v1.0.47
[1m[92m   Compiling[0m unicode-ident v1.0.26
[1m[92m   Compiling[0m libc v0.2.190
[1m[92m    Checking[0m cfg-if v1.0.5
[1m[92m   Compiling[0m version_check v0.9.5
[1m[92m   Compiling[0m generic-array v0.14.7
[1m[92m    Checking[0m zeroize v1.9.0
[1m[92m    Checking[0m once_cell v1.21.4
[1m[92m    Checking[0m rustls-pki-types v1.15.1
[1m[92m    Checking[0m typenum v1.20.1
[1m[92m   Compiling[0m zerocopy v0.8.60
[1m[92m   Compiling[0m syn v3.0.6
[1m[92m   Compiling[0m getrandom v0.3.4
[1m[92m    Checking[0m smallvec v1.16.2
[1m[92m    Checking[0m pin-project-lite v0.2.17
[1m[92m   Compiling[0m parking_lot_core v0.9.12
[1m[92m   Compiling[0m rustls v0.23.45
[1m[92m    Checking[0m scopeguard v1.2.0
[1m[92m    Checking[0m untrusted v0.9.0
[1m[92m   Compiling[0m serde_core v1.0.229
[1m[92m    Checking[0m bytes v1.12.1
[1m[92m    Checking[0m rustls-webpki v0.103.15
[1m[92m    Checking[0m lock_api v0.4.14
[1m[92m    Checking[0m crypto-common v0.1.7
[1m[92m    Checking[0m block-buffer v0.10.4
[1m[92m    Checking[0m rand_core v0.9.5
[1m[92m    Checking[0m errno v0.3.14
[1m[92m   Compiling[0m thiserror v2.0.21
[1m[92m   Compiling[0m httparse v1.10.1
[1m[92m    Checking[0m log v0.4.34
[1m[92m    Checking[0m itoa v1.0.18
[1m[92m    Checking[0m subtle v2.6.1
[1m[92m   Compiling[0m autocfg v1.5.1
[1m[92m   Compiling[0m num-traits v0.2.19
[1m[92m    Checking[0m signal-hook-registry v1.4.8
[1m[92m    Checking[0m parking_lot v0.12.5
[1m[92m    Checking[0m digest v0.10.7
[1m[92m   Compiling[0m tokio-macros v2.7.2
[1m[92m   Compiling[0m thiserror-impl v2.0.21
[1m[92m    Checking[0m ppv-lite86 v0.2.21
[1m[92m    Checking[0m rand_chacha v0.9.0
[1m[92m    Checking[0m mio v1.2.4
[1m[92m    Checking[0m socket2 v0.6.5
[1m[92m   Compiling[0m syn v2.0.119
[1m[92m    Checking[0m tracing-core v0.1.36
[1m[92m    Checking[0m cpufeatures v0.2.17
[1m[92m   Compiling[0m serde v1.0.229
[1m[92m   Compiling[0m zmij v1.0.23
[1m[92m    Checking[0m regex-syntax v0.8.11
[1m[92m    Checking[0m sha1 v0.10.7
[1m[92m    Checking[0m tokio v1.53.2
[1m[92m    Checking[0m rand v0.9.5
[1m[92m   Compiling[0m futures-macro v0.3.34
[1m[92m    Checking[0m regex-automata v0.4.18
[1m[92m   Compiling[0m serde_derive v1.0.229
[1m[92m    Checking[0m http v1.5.0
[1m[92m    Checking[0m webpki-roots v1.0.9
[1m[92m    Checking[0m slab v0.4.12
[1m[92m    Checking[0m utf-8 v0.7.6
[1m[92m    Checking[0m futures-task v0.3.34
[1m[92m    Checking[0m lazy_static v1.5.1
[1m[92m    Checking[0m data-encoding v2.11.1
[1m[92m   Compiling[0m serde_json v1.0.151
[1m[92m   Compiling[0m anyhow v1.0.104
[1m[92m    Checking[0m futures-sink v0.3.34
[1m[92m    Checking[0m futures-core v0.3.34
[1m[92m    Checking[0m tokio-rustls v0.26.6
[1m[92m    Checking[0m futures-util v0.3.34
[1m[92m    Checking[0m tungstenite v0.26.2
[1m[92m   Compiling[0m tracing-attributes v0.1.31
[1m[92m    Checking[0m sharded-slab v0.1.7
[1m[92m    Checking[0m webpki-roots v0.26.11
[1m[92m    Checking[0m matchers v0.2.0
[1m[92m    Checking[0m tracing-log v0.2.0
[1m[92m    Checking[0m thread_local v1.1.10
[1m[92m    Checking[0m iana-time-zone v0.1.65
[1m[92m    Checking[0m tracing v0.1.44
[1m[92m    Checking[0m memchr v2.8.3
[1m[92m    Checking[0m nu-ansi-term v0.50.3
[1m[92m    Checking[0m chrono v0.4.45
[1m[92m    Checking[0m tracing-subscriber v0.3.23
[1m[92m    Checking[0m tokio-tungstenite v0.26.2
[1m[92m    Checking[0m mt5-bridge v0.1.0 (/home/runner/work/Bot/Bot/mt5-bridge)
[1m[91merror[E0603][0m[1m: struct import `Mt5Deal` is private[0m
   [1m[94m--> [0msrc/fake.rs:19:46
    [1m[94m|[0m
[1m[94m 19[0m [1m[94m|[0m     now_ms, AccountType, BoxFut, EaResponse, Mt5Deal, Mt5Position, SymbolSpec, TerminalError,
    [1m[94m|[0m                                              [1m[91m^^^^^^^[0m [1m[91mprivate struct import[0m
    [1m[94m|[0m
[1m[92mnote[0m: the struct import `Mt5Deal` is defined here...
   [1m[94m--> [0msrc/terminal.rs:22:23
    [1m[94m|[0m
[1m[94m 22[0m [1m[94m|[0m use crate::snapshot::{Mt5Deal, Mt5Position};
    [1m[94m|[0m                       [1m[92m^^^^^^^[0m
[1m[92mnote[0m: ...and refers to the struct `Mt5Deal` which is defined here
   [1m[94m--> [0msrc/snapshot.rs:140:1
    [1m[94m|[0m
[1m[94m140[0m [1m[94m|[0m pub struct Mt5Deal {
    [1m[94m|[0m [1m[92m^^^^^^^^^^^^^^^^^^[0m [1m[92myou could import this directly[0m
[1m[96mhelp[0m: import `Mt5Deal` directly
    [1m[94m|[0m
[1m[94m 19[0m [1m[94m| [0m    now_ms, AccountType, BoxFut, EaResponse, [92msnapshot::[0mMt5Deal, Mt5Position, SymbolSpec, TerminalError,
    [1m[94m|[0m                                              [92m++++++++++[0m

[1m[91merror[E0603][0m[1m: struct import `Mt5Position` is private[0m
  [1m[94m--> [0msrc/fake.rs:19:55
   [1m[94m|[0m
[1m[94m19[0m [1m[94m|[0m     now_ms, AccountType, BoxFut, EaResponse, Mt5Deal, Mt5Position, SymbolSpec, TerminalError,
   [1m[94m|[0m                                                       [1m[91m^^^^^^^^^^^[0m [1m[91mprivate struct import[0m
   [1m[94m|[0m
[1m[92mnote[0m: the struct import `Mt5Position` is defined here...
  [1m[94m--> [0msrc/terminal.rs:22:32
   [1m[94m|[0m
[1m[94m22[0m [1m[94m|[0m use crate::snapshot::{Mt5Deal, Mt5Position};
   [1m[94m|[0m                                [1m[92m^^^^^^^^^^^[0m
[1m[92mnote[0m: ...and refers to the struct `Mt5Position` which is defined here
  [1m[94m--> [0msrc/snapshot.rs:91:1
   [1m[94m|[0m
[1m[94m91[0m [1m[94m|[0m pub struct Mt5Position {
   [1m[94m|[0m [1m[92m^^^^^^^^^^^^^^^^^^^^^^[0m [1m[92myou could import this directly[0m
[1m[96mhelp[0m: import `Mt5Position` directly
   [1m[94m|[0m
[1m[94m19[0m [1m[94m| [0m    now_ms, AccountType, BoxFut, EaResponse, Mt5Deal, [92msnapshot::[0mMt5Position, SymbolSpec, TerminalError,
   [1m[94m|[0m                                                       [92m++++++++++[0m

[1m[33mwarning[0m[1m: unused import: `AsyncBufReadExt`[0m
  [1m[94m--> [0msrc/ea_link.rs:23:17
   [1m[94m|[0m
[1m[94m23[0m [1m[94m|[0m use tokio::io::{AsyncBufReadExt, AsyncWriteExt, BufReader};
   [1m[94m|[0m                 [1m[33m^^^^^^^^^^^^^^^[0m
   [1m[94m|[0m
   [1m[94m= [0m[1mnote[0m: `#[warn(unused_imports)]` (part of `#[warn(unused)]`) on by default

[1m[91merror[E0308][0m[1m: mismatched types[0m
   [1m[94m--> [0msrc/bridge.rs:604:21
    [1m[94m|[0m
[1m[94m601[0m [1m[94m|[0m                 .reject_early(
    [1m[94m|[0m                  [1m[94m------------[0m [1m[94marguments to this method are incorrect[0m
[1m[94m...[0m
[1m[94m604[0m [1m[94m|[0m                     "trading is disabled by configuration (MT5_TRADING_ENABLED=0)",
    [1m[94m|[0m                     [1m[91m^^^^^^^^^^^^^^^^^^^^^^^^^^^^^^^^^^^^^^^^^^^^^^^^^^^^^^^^^^^^^^[0m [1m[91mexpected `String`, found `&str`[0m
    [1m[94m|[0m
[1m[92mnote[0m: method defined here
   [1m[94m--> [0msrc/bridge.rs:829:14
    [1m[94m|[0m
[1m[94m829[0m [1m[94m|[0m     async fn reject_early(
    [1m[94m|[0m              [1m[92m^^^^^^^^^^^^[0m
[1m[94m...[0m
[1m[94m833[0m [1m[94m|[0m         message: String,
    [1m[94m|[0m         [1m[94m---------------[0m
[1m[96mhelp[0m: try using a conversion method
    [1m[94m|[0m
[1m[94m604[0m [1m[94m| [0m                    "trading is disabled by configuration (MT5_TRADING_ENABLED=0)"[92m.to_string()[0m,
    [1m[94m|[0m                                                                                   [92m++++++++++++[0m

[1m[91merror[E0308][0m[1m: mismatched types[0m
   [1m[94m--> [0msrc/bridge.rs:715:21
    [1m[94m|[0m
[1m[94m712[0m [1m[94m|[0m                 .reject_early(
    [1m[94m|[0m                  [1m[94m------------[0m [1m[94marguments to this method are incorrect[0m
[1m[94m...[0m
[1m[94m715[0m [1m[94m|[0m                     "the account reports trade_allowed=false (trading disabled by the broker)",
    [1m[94m|[0m                     [1m[91m^^^^^^^^^^^^^^^^^^^^^^^^^^^^^^^^^^^^^^^^^^^^^^^^^^^^^^^^^^^^^^^^^^^^^^^^^^[0m [1m[91mexpected `String`, found `&str`[0m
    [1m[94m|[0m
[1m[92mnote[0m: method defined here
   [1m[94m--> [0msrc/bridge.rs:829:14
    [1m[94m|[0m
[1m[94m829[0m [1m[94m|[0m     async fn reject_early(
    [1m[94m|[0m              [1m[92m^^^^^^^^^^^^[0m
[1m[94m...[0m
[1m[94m833[0m [1m[94m|[0m         message: String,
    [1m[94m|[0m         [1m[94m---------------[0m
[1m[96mhelp[0m: try using a conversion method
    [1m[94m|[0m
[1m[94m715[0m [1m[94m| [0m                    "the account reports trade_allowed=false (trading disabled by the broker)"[92m.to_string()[0m,
    [1m[94m|[0m                                                                                               [92m++++++++++++[0m

[1m[91merror[E0063][0m[1m: missing fields `deal_ticket`, `order_ticket`, `position_ticket` and 1 other field in initializer of `OrderOutcome`[0m
   [1m[94m--> [0msrc/bridge.rs:989:9
    [1m[94m|[0m
[1m[94m989[0m [1m[94m|[0m         OrderOutcome {
    [1m[94m|[0m         [1m[91m^^^^^^^^^^^^[0m [1m[91mmissing `deal_ticket`, `order_ticket`, `position_ticket` and 1 other field[0m

[1m[91merror[E0063][0m[1m: missing fields `deal_ticket`, `order_ticket`, `position_ticket` and 1 other field in initializer of `snapshot::OrderOutcome`[0m
   [1m[94m--> [0msrc/bridge.rs:989:9
    [1m[94m|[0m
[1m[94m989[0m [1m[94m|[0m         OrderOutcome {
    [1m[94m|[0m         [1m[91m^^^^^^^^^^^^[0m [1m[91mmissing `deal_ticket`, `order_ticket`, `position_ticket` and 1 other field[0m

[1m[91merror[E0277][0m[1m: the trait bound `&str: Into<str>` is not satisfied[0m
    [1m[94m--> [0msrc/bridge.rs:1541:93
     [1m[94m|[0m
[1m[94m1541[0m [1m[94m|[0m                     let reason = "terminal reports it is not connected to the trade server".into();
     [1m[94m|[0m                                                                                             [1m[91m^^^^[0m [1m[91mthe trait `From<&str>` is not implemented for `str`[0m
     [1m[94m|[0m
     [1m[94m= [0m[1mhelp[0m: the following other types implement trait `From<T>`:
               `std::string::String` implements `From<&mut str>`
               `std::string::String` implements `From<&std::string::String>`
               `std::string::String` implements `From<&str>`
               `std::string::String` implements `From<Box<str>>`
               `std::string::String` implements `From<Cow<'_, str>>`
               `std::string::String` implements `From<char>`
     [1m[94m= [0m[1mnote[0m: required for `&str` to implement `Into<str>`

[1m[91merror[E0277][0m[1m: the size for values of type `str` cannot be known at compilation time[0m
    [1m[94m--> [0msrc/bridge.rs:1541:25
     [1m[94m|[0m
[1m[94m1541[0m [1m[94m|[0m                     let reason = "terminal reports it is not connected to the trade server".into();
     [1m[94m|[0m                         [1m[91m^^^^^^[0m [1m[91mdoesn't have a size known at compile-time[0m
     [1m[94m|[0m
     [1m[94m= [0m[1mhelp[0m: the trait `Sized` is not implemented for `str`
     [1m[94m= [0m[1mnote[0m: all local variables must have a statically known size

[1m[91merror[E0277][0m[1m: the size for values of type `str` cannot be known at compilation time[0m
    [1m[94m--> [0msrc/bridge.rs:1542:28
     [1m[94m|[0m
[1m[94m1542[0m [1m[94m|[0m                     warn!("{reason}");
     [1m[94m|[0m                            [1m[91m^^^^^^^^[0m [1m[91mdoesn't have a size known at compile-time[0m
     [1m[94m|[0m
     [1m[94m= [0m[1mhelp[0m: the trait `Sized` is not implemented for `str`
     [1m[94m= [0m[1mnote[0m: this error originates in the macro `$crate::__macro_support::format_args` which comes from the expansion of the macro `warn` (in Nightly builds, run with -Z macro-backtrace for more info)

[1m[91merror[E0599][0m[1m: no method named `next_line` found for struct `tokio::io::BufReader<R>` in the current scope[0m
   [1m[94m--> [0msrc/ea_link.rs:221:20
    [1m[94m|[0m
[1m[94m221[0m [1m[94m|[0m             reader.next_line(),
    [1m[94m|[0m                    [1m[91m^^^^^^^^^[0m
    [1m[94m|[0m
[1m[96mhelp[0m: there is a method `read_line` with a similar name, but with different arguments
   [1m[94m--> [0m/home/runner/.cargo/registry/src/index.crates.io-1949cf8c6b5b557f/tokio-1.53.2/src/io/util/async_buf_read_ext.rs:199:9
    [1m[94m|[0m
[1m[94m199[0m [1m[94m|[0m [1m[96m/[0m         fn read_line<'a>(&'a mut self, buf: &'a mut String) -> ReadLine<'a, Self>
[1m[94m200[0m [1m[94m|[0m [1m[96m|[0m         where
[1m[94m201[0m [1m[94m|[0m [1m[96m|[0m             Self: Unpin,
    [1m[94m|[0m [1m[96m|________________________^[0m

[1m[91merror[E0277][0m[1m: the size for values of type `str` cannot be known at compilation time[0m
   [1m[94m--> [0msrc/ea_link.rs:219:13
    [1m[94m|[0m
[1m[94m219[0m [1m[94m|[0m         let greeting = match tokio::time::timeout(
    [1m[94m|[0m             [1m[91m^^^^^^^^[0m [1m[91mdoesn't have a size known at compile-time[0m
    [1m[94m|[0m
    [1m[94m= [0m[1mhelp[0m: the trait `Sized` is not implemented for `str`
    [1m[94m= [0m[1mnote[0m: all local variables must have a statically known size

[1m[91merror[E0277][0m[1m: the size for values of type `str` cannot be known at compilation time[0m
   [1m[94m--> [0msrc/ea_link.rs:225:24
    [1m[94m|[0m
[1m[94m225[0m [1m[94m|[0m             Ok(Ok(Some(line))) => line,
    [1m[94m|[0m                        [1m[91m^^^^[0m [1m[91mdoesn't have a size known at compile-time[0m
    [1m[94m|[0m
    [1m[94m= [0m[1mhelp[0m: the trait `Sized` is not implemented for `str`
    [1m[94m= [0m[1mnote[0m: all local variables must have a statically known size

[1m[91merror[E0277][0m[1m: the size for values of type `str` cannot be known at compilation time[0m
   [1m[94m--> [0msrc/ea_link.rs:225:19
    [1m[94m|[0m
[1m[94m225[0m [1m[94m|[0m             Ok(Ok(Some(line))) => line,
    [1m[94m|[0m                   [1m[91m^^^^^^^^^^[0m [1m[91mdoesn't have a size known at compile-time[0m
    [1m[94m|[0m
    [1m[94m= [0m[1mhelp[0m: the trait `Sized` is not implemented for `str`
[1m[92mnote[0m: required by a bound in `std::prelude::v1::Some`
   [1m[94m--> [0m/rustc/4a4ef493e3a1488c6e321570238084b38948f6db/library/core/src/option.rs:608:4

[1m[91merror[E0277][0m[1m: the size for values of type `str` cannot be known at compilation time[0m
   [1m[94m--> [0msrc/ea_link.rs:226:19
    [1m[94m|[0m
[1m[94m226[0m [1m[94m|[0m             Ok(Ok(None)) => return,
    [1m[94m|[0m                   [1m[91m^^^^[0m [1m[91mdoesn't have a size known at compile-time[0m
    [1m[94m|[0m
    [1m[94m= [0m[1mhelp[0m: the trait `Sized` is not implemented for `str`
[1m[92mnote[0m: required by a bound in `std::prelude::v1::None`
   [1m[94m--> [0m/rustc/4a4ef493e3a1488c6e321570238084b38948f6db/library/core/src/option.rs:604:4

[1m[91merror[E0277][0m[1m: the size for values of type `str` cannot be known at compilation time[0m
   [1m[94m--> [0msrc/ea_link.rs:223:10
    [1m[94m|[0m
[1m[94m223[0m [1m[94m|[0m         .await
    [1m[94m|[0m          [1m[91m^^^^^[0m [1m[91mdoesn't have a size known at compile-time[0m
    [1m[94m|[0m
    [1m[94m= [0m[1mhelp[0m: the trait `Sized` is not implemented for `str`
[1m[92mnote[0m: required by an implicit `Sized` bound in `std::option::Option`
   [1m[94m--> [0m/rustc/4a4ef493e3a1488c6e321570238084b38948f6db/library/core/src/option.rs:600:0

[1m[91merror[E0599][0m[1m: no method named `next_line` found for struct `tokio::io::BufReader<R>` in the current scope[0m
   [1m[94m--> [0msrc/ea_link.rs:328:31
    [1m[94m|[0m
[1m[94m328[0m [1m[94m|[0m                 line = reader.next_line() => {
    [1m[94m|[0m                               [1m[91m^^^^^^^^^[0m
    [1m[94m|[0m
[1m[96mhelp[0m: there is a method `read_line` with a similar name, but with different arguments
   [1m[94m--> [0m/home/runner/.cargo/registry/src/index.crates.io-1949cf8c6b5b557f/tokio-1.53.2/src/io/util/async_buf_read_ext.rs:199:9
    [1m[94m|[0m
[1m[94m199[0m [1m[94m|[0m [1m[96m/[0m         fn read_line<'a>(&'a mut self, buf: &'a mut String) -> ReadLine<'a, Self>
[1m[94m200[0m [1m[94m|[0m [1m[96m|[0m         where
[1m[94m201[0m [1m[94m|[0m [1m[96m|[0m             Self: Unpin,
    [1m[94m|[0m [1m[96m|________________________^[0m

[1m[91merror[E0277][0m[1m: the size for values of type `str` cannot be known at compilation time[0m
   [1m[94m--> [0msrc/ea_link.rs:330:33
    [1m[94m|[0m
[1m[94m330[0m [1m[94m|[0m                         Ok(Some(text)) => {
    [1m[94m|[0m                                 [1m[91m^^^^[0m [1m[91mdoesn't have a size known at compile-time[0m
    [1m[94m|[0m
    [1m[94m= [0m[1mhelp[0m: the trait `Sized` is not implemented for `str`
    [1m[94m= [0m[1mnote[0m: all local variables must have a statically known size

[1m[91merror[E0277][0m[1m: the size for values of type `str` cannot be known at compilation time[0m
   [1m[94m--> [0msrc/ea_link.rs:330:28
    [1m[94m|[0m
[1m[94m330[0m [1m[94m|[0m                         Ok(Some(text)) => {
    [1m[94m|[0m                            [1m[91m^^^^^^^^^^[0m [1m[91mdoesn't have a size known at compile-time[0m
    [1m[94m|[0m
    [1m[94m= [0m[1mhelp[0m: the trait `Sized` is not implemented for `str`
[1m[92mnote[0m: required by a bound in `std::prelude::v1::Some`
   [1m[94m--> [0m/rustc/4a4ef493e3a1488c6e321570238084b38948f6db/library/core/src/option.rs:608:4

[1m[91merror[E0277][0m[1m: the size for values of type `str` cannot be known at compilation time[0m
   [1m[94m--> [0msrc/ea_link.rs:335:28
    [1m[94m|[0m
[1m[94m335[0m [1m[94m|[0m                         Ok(None) => break "EA closed the connection".to_string(),
    [1m[94m|[0m                            [1m[91m^^^^[0m [1m[91mdoesn't have a size known at compile-time[0m
    [1m[94m|[0m
    [1m[94m= [0m[1mhelp[0m: the trait `Sized` is not implemented for `str`
[1m[92mnote[0m: required by a bound in `std::prelude::v1::None`
   [1m[94m--> [0m/rustc/4a4ef493e3a1488c6e321570238084b38948f6db/library/core/src/option.rs:604:4

[1m[91merror[E0277][0m[1m: the size for values of type `str` cannot be known at compilation time[0m
   [1m[94m--> [0msrc/ea_link.rs:324:13
    [1m[94m|[0m
[1m[94m324[0m [1m[94m|[0m [1m[91m/[0m             tokio::select! {
[1m[94m325[0m [1m[94m|[0m [1m[91m|[0m                 _ = shutdown_rx.recv() => {
[1m[94m326[0m [1m[94m|[0m [1m[91m|[0m                     break "replaced by a newer EA session".to_string();
[1m[94m...[0m   [1m[91m|[0m
[1m[94m390[0m [1m[94m|[0m [1m[91m|[0m             }
    [1m[94m|[0m [1m[91m|_____________^[0m [1m[91mdoesn't have a size known at compile-time[0m
    [1m[94m|[0m
    [1m[94m= [0m[1mhelp[0m: the trait `Sized` is not implemented for `str`
[1m[92mnote[0m: required by an implicit `Sized` bound in `std::option::Option`
   [1m[94m--> [0m/rustc/4a4ef493e3a1488c6e321570238084b38948f6db/library/core/src/option.rs:600:0
    [1m[94m= [0m[1mnote[0m: this error originates in the macro `$crate::select` which comes from the expansion of the macro `tokio::select` (in Nightly builds, run with -Z macro-backtrace for more info)

[1m[91merror[E0277][0m[1m: the size for values of type `str` cannot be known at compilation time[0m
   [1m[94m--> [0msrc/ea_link.rs:324:13
    [1m[94m|[0m
[1m[94m324[0m [1m[94m|[0m [1m[91m/[0m             tokio::select! {
[1m[94m325[0m [1m[94m|[0m [1m[91m|[0m                 _ = shutdown_rx.recv() => {
[1m[94m326[0m [1m[94m|[0m [1m[91m|[0m                     break "replaced by a newer EA session".to_string();
[1m[94m...[0m   [1m[91m|[0m
[1m[94m390[0m [1m[94m|[0m [1m[91m|[0m             }
    [1m[94m|[0m [1m[91m|_____________^[0m [1m[91mdoesn't have a size known at compile-time[0m
    [1m[94m|[0m
    [1m[94m= [0m[1mhelp[0m: the trait `Sized` is not implemented for `str`
[1m[92mnote[0m: required by an implicit `Sized` bound in `std::option::Option`
   [1m[94m--> [0m/rustc/4a4ef493e3a1488c6e321570238084b38948f6db/library/core/src/option.rs:600:0
    [1m[94m= [0m[1mnote[0m: this error originates in the macro `$crate::macros::support::ready` which comes from the expansion of the macro `tokio::select` (in Nightly builds, run with -Z macro-backtrace for more info)

[1m[91merror[E0277][0m[1m: the size for values of type `str` cannot be known at compilation time[0m
   [1m[94m--> [0msrc/ea_link.rs:324:13
    [1m[94m|[0m
[1m[94m324[0m [1m[94m|[0m [1m[91m/[0m             tokio::select! {
[1m[94m325[0m [1m[94m|[0m [1m[91m|[0m                 _ = shutdown_rx.recv() => {
[1m[94m326[0m [1m[94m|[0m [1m[91m|[0m                     break "replaced by a newer EA session".to_string();
[1m[94m...[0m   [1m[91m|[0m
[1m[94m390[0m [1m[94m|[0m [1m[91m|[0m             }
    [1m[94m|[0m [1m[91m|_____________^[0m [1m[91mdoesn't have a size known at compile-time[0m
    [1m[94m|[0m
    [1m[94m= [0m[1mhelp[0m: the trait `Sized` is not implemented for `str`
[1m[92mnote[0m: required by an implicit `Sized` bound in `std::option::Option`
   [1m[94m--> [0m/rustc/4a4ef493e3a1488c6e321570238084b38948f6db/library/core/src/option.rs:600:0
    [1m[94m= [0m[1mnote[0m: this error originates in the macro `$crate::select_variant` which comes from the expansion of the macro `tokio::select` (in Nightly builds, run with -Z macro-backtrace for more info)

[1m[91merror[E0308][0m[1m: mismatched types[0m
   [1m[94m--> [0msrc/ea_link.rs:485:64
    [1m[94m|[0m
[1m[94m485[0m [1m[94m|[0m                 let _ = self.events.send(LinkEvent::TradeEvent(message.fields));
    [1m[94m|[0m                                          [1m[94m---------------------[0m [1m[91m^^^^^^^^^^^^^^[0m [1m[91mexpected `HashMap<String, String>`, found `BTreeMap<String, String>`[0m
    [1m[94m|[0m                                          [1m[94m|[0m
    [1m[94m|[0m                                          [1m[94marguments to this enum variant are incorrect[0m
    [1m[94m|[0m
    [1m[94m= [0m[1mnote[0m: expected struct `[1m[35mHashMap<std::string::String, std::string::String>[0m`
               found struct `[1m[35mBTreeMap<std::string::String, std::string::String>[0m`
[1m[92mnote[0m: tuple variant defined here
   [1m[94m--> [0msrc/ea_link.rs:102:5
    [1m[94m|[0m
[1m[94m102[0m [1m[94m|[0m     TradeEvent(HashMap<String, String>),
    [1m[94m|[0m     [1m[92m^^^^^^^^^^[0m

[1m[91merror[E0308][0m[1m: mismatched types[0m
   [1m[94m--> [0msrc/ea_link.rs:485:64
    [1m[94m|[0m
[1m[94m485[0m [1m[94m|[0m                 let _ = self.events.send(LinkEvent::TradeEvent(message.fields));
    [1m[94m|[0m                                          [1m[94m---------------------[0m [1m[91m^^^^^^^^^^^^^^[0m [1m[91mexpected `HashMap<String, String>`, found `BTreeMap<String, String>`[0m
    [1m[94m|[0m                                          [1m[94m|[0m
    [1m[94m|[0m                                          [1m[94marguments to this enum variant are incorrect[0m
    [1m[94m|[0m
    [1m[94m= [0m[1mnote[0m: expected struct `[1m[35mHashMap<std::string::String, std::string::String>[0m`
               found struct `[1m[35mstd::collections::BTreeMap<std::string::String, std::string::String>[0m`
[1m[92mnote[0m: tuple variant defined here
   [1m[94m--> [0msrc/ea_link.rs:102:5
    [1m[94m|[0m
[1m[94m102[0m [1m[94m|[0m     TradeEvent(HashMap<String, String>),
    [1m[94m|[0m     [1m[92m^^^^^^^^^^[0m

[1m[91merror[E0609][0m[1m: no field `refuse_writes` on type `tokio::sync::MutexGuard<'_, FakeInner>`[0m
   [1m[94m--> [0msrc/fake.rs:308:41
    [1m[94m|[0m
[1m[94m308[0m [1m[94m|[0m             if let Some(reason) = inner.refuse_writes.clone() {
    [1m[94m|[0m                                         [1m[91m^^^^^^^^^^^^^[0m [1m[91munknown field[0m
    [1m[94m|[0m
    [1m[94m= [0m[1mnote[0m: available fields are: `account_type`, `trade_mode`, `trade_allowed`, `terminal_connected`, `quote_age_ms` ... and 7 others

[1m[91merror[E0618][0m[1m: expected function, found `terminal::SymbolSpec`[0m
    [1m[94m--> [0msrc/terminal.rs:1319:15
     [1m[94m|[0m
[1m[94m1217[0m [1m[94m|[0m     fn spec() -> SymbolSpec {
     [1m[94m|[0m     [1m[94m-----------------------[0m [1m[94mthis function of the same name is available here, but it's shadowed by the local binding[0m
[1m[94m...[0m
[1m[94m1297[0m [1m[94m|[0m         let spec = spec();
     [1m[94m|[0m             [1m[94m----[0m [1m[94m`spec` has type `terminal::SymbolSpec`[0m
[1m[94m...[0m
[1m[94m1319[0m [1m[94m|[0m             ..spec()
     [1m[94m|[0m               [1m[91m^^^^[0m[1m[94m--[0m
     [1m[94m|[0m               [1m[94m|[0m
     [1m[94m|[0m               [1m[94mcall expression requires function[0m

[1m[91merror[E0618][0m[1m: expected function, found `terminal::SymbolSpec`[0m
    [1m[94m--> [0msrc/terminal.rs:1430:15
     [1m[94m|[0m
[1m[94m1217[0m [1m[94m|[0m     fn spec() -> SymbolSpec {
     [1m[94m|[0m     [1m[94m-----------------------[0m [1m[94mthis function of the same name is available here, but it's shadowed by the local binding[0m
[1m[94m...[0m
[1m[94m1411[0m [1m[94m|[0m         let spec = spec();
     [1m[94m|[0m             [1m[94m----[0m [1m[94m`spec` has type `terminal::SymbolSpec`[0m
[1m[94m...[0m
[1m[94m1430[0m [1m[94m|[0m             ..spec()
     [1m[94m|[0m               [1m[91m^^^^[0m[1m[94m--[0m
     [1m[94m|[0m               [1m[94m|[0m
     [1m[94m|[0m               [1m[94mcall expression requires function[0m

[1m[91merror[E0618][0m[1m: expected function, found `terminal::SymbolSpec`[0m
    [1m[94m--> [0msrc/terminal.rs:1437:19
     [1m[94m|[0m
[1m[94m1217[0m [1m[94m|[0m     fn spec() -> SymbolSpec {
     [1m[94m|[0m     [1m[94m-----------------------[0m [1m[94mthis function of the same name is available here, but it's shadowed by the local binding[0m
[1m[94m...[0m
[1m[94m1411[0m [1m[94m|[0m         let spec = spec();
     [1m[94m|[0m             [1m[94m----[0m [1m[94m`spec` has type `terminal::SymbolSpec`[0m
[1m[94m...[0m
[1m[94m1437[0m [1m[94m|[0m                 ..spec()
     [1m[94m|[0m                   [1m[91m^^^^[0m[1m[94m--[0m
     [1m[94m|[0m                   [1m[94m|[0m
     [1m[94m|[0m                   [1m[94mcall expression requires function[0m

[1m[33mwarning[0m[1m: unused variable: `account`[0m
    [1m[94m--> [0msrc/bridge.rs:1465:13
     [1m[94m|[0m
[1m[94m1465[0m [1m[94m|[0m         let account = self.cached_account().await;
     [1m[94m|[0m             [1m[33m^^^^^^^[0m [1m[33mhelp: if this is intentional, prefix it with an underscore: `_account`[0m
     [1m[94m|[0m
     [1m[94m= [0m[1mnote[0m: `#[warn(unused_variables)]` (part of `#[warn(unused)]`) on by default

[1m[33mwarning[0m[1m: unused variable: `intent`[0m
    [1m[94m--> [0msrc/bridge.rs:1568:5
     [1m[94m|[0m
[1m[94m1568[0m [1m[94m|[0m     intent: &OrderIntent,
     [1m[94m|[0m     [1m[33m^^^^^^[0m [1m[33mhelp: if this is intentional, prefix it with an underscore: `_intent`[0m

[1m[33mwarning[0m[1m: value assigned to `expecting_items` is never read[0m
   [1m[94m--> [0msrc/ea_link.rs:635:35
    [1m[94m|[0m
[1m[94m635[0m [1m[94m|[0m         let mut expecting_items = false;
    [1m[94m|[0m                                   [1m[33m^^^^^[0m
    [1m[94m|[0m
    [1m[94m= [0m[1mhelp[0m: maybe it is overwritten before being read?
    [1m[94m= [0m[1mnote[0m: `#[warn(unused_assignments)]` (part of `#[warn(unused)]`) on by default

[1m[33mwarning[0m[1m: value assigned to `expecting_items` is never read[0m
   [1m[94m--> [0msrc/ea_link.rs:651:9
    [1m[94m|[0m
[1m[94m651[0m [1m[94m|[0m         expecting_items = false;
    [1m[94m|[0m         [1m[33m^^^^^^^^^^^^^^^^^^^^^^^[0m
    [1m[94m|[0m
    [1m[94m= [0m[1mhelp[0m: maybe it is overwritten before being read?

[1mSome errors have detailed explanations: E0063, E0277, E0308, E0599, E0603, E0609.[0m
[1mFor more information about an error, try `rustc --explain E0063`.[0m
[1m[33mwarning[0m: `mt5-bridge` (lib) generated 3 warnings
[1m[91merror[0m: could not compile `mt5-bridge` (lib) due to 31 previous errors; 3 warnings emitted
[1m[33mwarning[0m: build failed, waiting for other jobs to finish...
[1mSome errors have detailed explanations: E0063, E0277, E0308, E0599, E0603, E0609, E0618.[0m
[1m[33mwarning[0m: `mt5-bridge` (lib test) generated 5 warnings (3 duplicates)
[1m[91merror[0m: could not compile `mt5-bridge` (lib test) due to 34 previous errors; 5 warnings emitted
